Time resolution is 1 ps
mmcm_frac_count_calc- divide:2d, phase:          0, duty_cycle:     50000
duty_cycle_fix: 00000200
round_frac - decimal: 00005a00, precision: 00000001
round_frac: 00005a00
mmcm_phase-divide: 45,phase:          0
phase_in_cycles: 00000000
round_frac - decimal: 00000000, precision: 00000003
round_frac: 00000000
temp: 00000000
DADDR Reg1 0555
DADDR Reg2 0c00
DADDR Reg Shared 39
- 45.   0 p          0>>  :DADDR_9_15 frac30to28.frac_en.wf_r_frac.dt:000          11_00000000:DADDR_7_13 pm_f_frac_filtered_29to27.wf_f_frac_26:000001001:DADDR_8_14.pm_r_frac_filt_15to13.ht_frac.lt_frac:000000000001010100010101:
mmcm_frac_count_calc- divide:2d, phase:          0, duty_cycle:     50000
duty_cycle_fix: 00000200
round_frac - decimal: 00005a00, precision: 00000001
round_frac: 00005a00
mmcm_phase-divide: 45,phase:          0
phase_in_cycles: 00000000
round_frac - decimal: 00000000, precision: 00000003
round_frac: 00000000
temp: 00000000
DADDR Reg1 0596
DADDR Reg2 4800
DADDR Reg Shared 3c
- 45. 500 p          0>>  :DADDR_9_15 frac30to28.frac_en.wf_r_frac.dt:100          10_00000000:DADDR_7_13 pm_f_frac_filtered_29to27.wf_f_frac_26:000001100:DADDR_8_14.pm_r_frac_filt_15to13.ht_frac.lt_frac:000000000001011000010110:
mmcm_frac_count_calc- divide:2e, phase:          0, duty_cycle:     50000
duty_cycle_fix: 00000200
round_frac - decimal: 00005c00, precision: 00000001
round_frac: 00005c00
mmcm_phase-divide: 46,phase:          0
phase_in_cycles: 00000000
round_frac - decimal: 00000000, precision: 00000003
round_frac: 00000000
temp: 00000000
DADDR Reg1 0596
DADDR Reg2 0800
DADDR Reg Shared 30
- 46.   0 p          0>>  :DADDR_9_15 frac30to28.frac_en.wf_r_frac.dt:000          10_00000000:DADDR_7_13 pm_f_frac_filtered_29to27.wf_f_frac_26:000000000:DADDR_8_14.pm_r_frac_filt_15to13.ht_frac.lt_frac:000000000001011000010110:
mmcm_frac_count_calc- divide:2e, phase:          0, duty_cycle:     50000
duty_cycle_fix: 00000200
round_frac - decimal: 00005c00, precision: 00000001
round_frac: 00005c00
mmcm_phase-divide: 46,phase:          0
phase_in_cycles: 00000000
round_frac - decimal: 00000000, precision: 00000003
round_frac: 00000000
temp: 00000000
DADDR Reg1 0596
DADDR Reg2 4c00
DADDR Reg Shared 35
- 46. 500 p          0>>  :DADDR_9_15 frac30to28.frac_en.wf_r_frac.dt:100          11_00000000:DADDR_7_13 pm_f_frac_filtered_29to27.wf_f_frac_26:000000101:DADDR_8_14.pm_r_frac_filt_15to13.ht_frac.lt_frac:000000000001011000010110:
mmcm_frac_count_calc- divide:2f, phase:          0, duty_cycle:     50000
duty_cycle_fix: 00000200
round_frac - decimal: 00005e00, precision: 00000001
round_frac: 00005e00
mmcm_phase-divide: 47,phase:          0
phase_in_cycles: 00000000
round_frac - decimal: 00000000, precision: 00000003
round_frac: 00000000
temp: 00000000
DADDR Reg1 0596
DADDR Reg2 0c00
DADDR Reg Shared 39
- 47.   0 p          0>>  :DADDR_9_15 frac30to28.frac_en.wf_r_frac.dt:000          11_00000000:DADDR_7_13 pm_f_frac_filtered_29to27.wf_f_frac_26:000001001:DADDR_8_14.pm_r_frac_filt_15to13.ht_frac.lt_frac:000000000001011000010110:
mmcm_frac_count_calc- divide:2f, phase:          0, duty_cycle:     50000
duty_cycle_fix: 00000200
round_frac - decimal: 00005e00, precision: 00000001
round_frac: 00005e00
mmcm_phase-divide: 47,phase:          0
phase_in_cycles: 00000000
round_frac - decimal: 00000000, precision: 00000003
round_frac: 00000000
temp: 00000000
DADDR Reg1 05d7
DADDR Reg2 4800
DADDR Reg Shared 3c
- 47. 500 p          0>>  :DADDR_9_15 frac30to28.frac_en.wf_r_frac.dt:100          10_00000000:DADDR_7_13 pm_f_frac_filtered_29to27.wf_f_frac_26:000001100:DADDR_8_14.pm_r_frac_filt_15to13.ht_frac.lt_frac:000000000001011100010111:
mmcm_frac_count_calc- divide:30, phase:          0, duty_cycle:     50000
duty_cycle_fix: 00000200
round_frac - decimal: 00006000, precision: 00000001
round_frac: 00006000
mmcm_phase-divide: 48,phase:          0
phase_in_cycles: 00000000
round_frac - decimal: 00000000, precision: 00000003
round_frac: 00000000
temp: 00000000
DADDR Reg1 05d7
DADDR Reg2 0800
DADDR Reg Shared 30
- 48.   0 p          0>>  :DADDR_9_15 frac30to28.frac_en.wf_r_frac.dt:000          10_00000000:DADDR_7_13 pm_f_frac_filtered_29to27.wf_f_frac_26:000000000:DADDR_8_14.pm_r_frac_filt_15to13.ht_frac.lt_frac:000000000001011100010111:
mmcm_frac_count_calc- divide:30, phase:          0, duty_cycle:     50000
duty_cycle_fix: 00000200
round_frac - decimal: 00006000, precision: 00000001
round_frac: 00006000
mmcm_phase-divide: 48,phase:          0
phase_in_cycles: 00000000
round_frac - decimal: 00000000, precision: 00000003
round_frac: 00000000
temp: 00000000
DADDR Reg1 05d7
DADDR Reg2 4c00
DADDR Reg Shared 35
- 48. 500 p          0>>  :DADDR_9_15 frac30to28.frac_en.wf_r_frac.dt:100          11_00000000:DADDR_7_13 pm_f_frac_filtered_29to27.wf_f_frac_26:000000101:DADDR_8_14.pm_r_frac_filt_15to13.ht_frac.lt_frac:000000000001011100010111:
mmcm_frac_count_calc- divide:31, phase:          0, duty_cycle:     50000
duty_cycle_fix: 00000200
round_frac - decimal: 00006200, precision: 00000001
round_frac: 00006200
mmcm_phase-divide: 49,phase:          0
phase_in_cycles: 00000000
round_frac - decimal: 00000000, precision: 00000003
round_frac: 00000000
temp: 00000000
DADDR Reg1 05d7
DADDR Reg2 0c00
DADDR Reg Shared 39
- 49.   0 p          0>>  :DADDR_9_15 frac30to28.frac_en.wf_r_frac.dt:000          11_00000000:DADDR_7_13 pm_f_frac_filtered_29to27.wf_f_frac_26:000001001:DADDR_8_14.pm_r_frac_filt_15to13.ht_frac.lt_frac:000000000001011100010111:
mmcm_frac_count_calc- divide:31, phase:          0, duty_cycle:     50000
duty_cycle_fix: 00000200
round_frac - decimal: 00006200, precision: 00000001
round_frac: 00006200
mmcm_phase-divide: 49,phase:          0
phase_in_cycles: 00000000
round_frac - decimal: 00000000, precision: 00000003
round_frac: 00000000
temp: 00000000
DADDR Reg1 0618
DADDR Reg2 4800
DADDR Reg Shared 3c
- 49. 500 p          0>>  :DADDR_9_15 frac30to28.frac_en.wf_r_frac.dt:100          10_00000000:DADDR_7_13 pm_f_frac_filtered_29to27.wf_f_frac_26:000001100:DADDR_8_14.pm_r_frac_filt_15to13.ht_frac.lt_frac:000000000001100000011000:
mmcm_frac_count_calc- divide:32, phase:          0, duty_cycle:     50000
duty_cycle_fix: 00000200
round_frac - decimal: 00006400, precision: 00000001
round_frac: 00006400
mmcm_phase-divide: 50,phase:          0
phase_in_cycles: 00000000
round_frac - decimal: 00000000, precision: 00000003
round_frac: 00000000
temp: 00000000
DADDR Reg1 0618
DADDR Reg2 0800
DADDR Reg Shared 30
- 50.   0 p          0>>  :DADDR_9_15 frac30to28.frac_en.wf_r_frac.dt:000          10_00000000:DADDR_7_13 pm_f_frac_filtered_29to27.wf_f_frac_26:000000000:DADDR_8_14.pm_r_frac_filt_15to13.ht_frac.lt_frac:000000000001100000011000:
mmcm_frac_count_calc- divide:32, phase:          0, duty_cycle:     50000
duty_cycle_fix: 00000200
round_frac - decimal: 00006400, precision: 00000001
round_frac: 00006400
mmcm_phase-divide: 50,phase:          0
phase_in_cycles: 00000000
round_frac - decimal: 00000000, precision: 00000003
round_frac: 00000000
temp: 00000000
DADDR Reg1 0618
DADDR Reg2 4c00
DADDR Reg Shared 35
- 50. 500 p          0>>  :DADDR_9_15 frac30to28.frac_en.wf_r_frac.dt:100          11_00000000:DADDR_7_13 pm_f_frac_filtered_29to27.wf_f_frac_26:000000101:DADDR_8_14.pm_r_frac_filt_15to13.ht_frac.lt_frac:000000000001100000011000:
mmcm_frac_count_calc- divide:33, phase:          0, duty_cycle:     50000
duty_cycle_fix: 00000200
round_frac - decimal: 00006600, precision: 00000001
round_frac: 00006600
mmcm_phase-divide: 51,phase:          0
phase_in_cycles: 00000000
round_frac - decimal: 00000000, precision: 00000003
round_frac: 00000000
temp: 00000000
DADDR Reg1 0618
DADDR Reg2 0c00
DADDR Reg Shared 39
- 51.   0 p          0>>  :DADDR_9_15 frac30to28.frac_en.wf_r_frac.dt:000          11_00000000:DADDR_7_13 pm_f_frac_filtered_29to27.wf_f_frac_26:000001001:DADDR_8_14.pm_r_frac_filt_15to13.ht_frac.lt_frac:000000000001100000011000:
mmcm_frac_count_calc- divide:33, phase:          0, duty_cycle:     50000
duty_cycle_fix: 00000200
round_frac - decimal: 00006600, precision: 00000001
round_frac: 00006600
mmcm_phase-divide: 51,phase:          0
phase_in_cycles: 00000000
round_frac - decimal: 00000000, precision: 00000003
round_frac: 00000000
temp: 00000000
DADDR Reg1 0659
DADDR Reg2 4800
DADDR Reg Shared 3c
- 51. 500 p          0>>  :DADDR_9_15 frac30to28.frac_en.wf_r_frac.dt:100          10_00000000:DADDR_7_13 pm_f_frac_filtered_29to27.wf_f_frac_26:000001100:DADDR_8_14.pm_r_frac_filt_15to13.ht_frac.lt_frac:000000000001100100011001:
mmcm_frac_count_calc- divide:34, phase:          0, duty_cycle:     50000
duty_cycle_fix: 00000200
round_frac - decimal: 00006800, precision: 00000001
round_frac: 00006800
mmcm_phase-divide: 52,phase:          0
phase_in_cycles: 00000000
round_frac - decimal: 00000000, precision: 00000003
round_frac: 00000000
temp: 00000000
DADDR Reg1 0659
DADDR Reg2 0800
DADDR Reg Shared 30
- 52.   0 p          0>>  :DADDR_9_15 frac30to28.frac_en.wf_r_frac.dt:000          10_00000000:DADDR_7_13 pm_f_frac_filtered_29to27.wf_f_frac_26:000000000:DADDR_8_14.pm_r_frac_filt_15to13.ht_frac.lt_frac:000000000001100100011001:
mmcm_frac_count_calc- divide:34, phase:          0, duty_cycle:     50000
duty_cycle_fix: 00000200
round_frac - decimal: 00006800, precision: 00000001
round_frac: 00006800
mmcm_phase-divide: 52,phase:          0
phase_in_cycles: 00000000
round_frac - decimal: 00000000, precision: 00000003
round_frac: 00000000
temp: 00000000
DADDR Reg1 0659
DADDR Reg2 4c00
DADDR Reg Shared 35
- 52. 500 p          0>>  :DADDR_9_15 frac30to28.frac_en.wf_r_frac.dt:100          11_00000000:DADDR_7_13 pm_f_frac_filtered_29to27.wf_f_frac_26:000000101:DADDR_8_14.pm_r_frac_filt_15to13.ht_frac.lt_frac:000000000001100100011001:
mmcm_frac_count_calc- divide:35, phase:          0, duty_cycle:     50000
duty_cycle_fix: 00000200
round_frac - decimal: 00006a00, precision: 00000001
round_frac: 00006a00
mmcm_phase-divide: 53,phase:          0
phase_in_cycles: 00000000
round_frac - decimal: 00000000, precision: 00000003
round_frac: 00000000
temp: 00000000
DADDR Reg1 0659
DADDR Reg2 0c00
DADDR Reg Shared 39
- 53.   0 p          0>>  :DADDR_9_15 frac30to28.frac_en.wf_r_frac.dt:000          11_00000000:DADDR_7_13 pm_f_frac_filtered_29to27.wf_f_frac_26:000001001:DADDR_8_14.pm_r_frac_filt_15to13.ht_frac.lt_frac:000000000001100100011001:
mmcm_frac_count_calc- divide:35, phase:          0, duty_cycle:     50000
duty_cycle_fix: 00000200
round_frac - decimal: 00006a00, precision: 00000001
round_frac: 00006a00
mmcm_phase-divide: 53,phase:          0
phase_in_cycles: 00000000
round_frac - decimal: 00000000, precision: 00000003
round_frac: 00000000
temp: 00000000
DADDR Reg1 069a
DADDR Reg2 4800
DADDR Reg Shared 3c
- 53. 500 p          0>>  :DADDR_9_15 frac30to28.frac_en.wf_r_frac.dt:100          10_00000000:DADDR_7_13 pm_f_frac_filtered_29to27.wf_f_frac_26:000001100:DADDR_8_14.pm_r_frac_filt_15to13.ht_frac.lt_frac:000000000001101000011010:
mmcm_frac_count_calc- divide:36, phase:          0, duty_cycle:     50000
duty_cycle_fix: 00000200
round_frac - decimal: 00006c00, precision: 00000001
round_frac: 00006c00
mmcm_phase-divide: 54,phase:          0
phase_in_cycles: 00000000
round_frac - decimal: 00000000, precision: 00000003
round_frac: 00000000
temp: 00000000
DADDR Reg1 069a
DADDR Reg2 0800
DADDR Reg Shared 30
- 54.   0 p          0>>  :DADDR_9_15 frac30to28.frac_en.wf_r_frac.dt:000          10_00000000:DADDR_7_13 pm_f_frac_filtered_29to27.wf_f_frac_26:000000000:DADDR_8_14.pm_r_frac_filt_15to13.ht_frac.lt_frac:000000000001101000011010:
mmcm_frac_count_calc- divide:36, phase:          0, duty_cycle:     50000
duty_cycle_fix: 00000200
round_frac - decimal: 00006c00, precision: 00000001
round_frac: 00006c00
mmcm_phase-divide: 54,phase:          0
phase_in_cycles: 00000000
round_frac - decimal: 00000000, precision: 00000003
round_frac: 00000000
temp: 00000000
DADDR Reg1 069a
DADDR Reg2 4c00
DADDR Reg Shared 35
- 54. 500 p          0>>  :DADDR_9_15 frac30to28.frac_en.wf_r_frac.dt:100          11_00000000:DADDR_7_13 pm_f_frac_filtered_29to27.wf_f_frac_26:000000101:DADDR_8_14.pm_r_frac_filt_15to13.ht_frac.lt_frac:000000000001101000011010:
mmcm_frac_count_calc- divide:37, phase:          0, duty_cycle:     50000
duty_cycle_fix: 00000200
round_frac - decimal: 00006e00, precision: 00000001
round_frac: 00006e00
mmcm_phase-divide: 55,phase:          0
phase_in_cycles: 00000000
round_frac - decimal: 00000000, precision: 00000003
round_frac: 00000000
temp: 00000000
DADDR Reg1 069a
DADDR Reg2 0c00
DADDR Reg Shared 39
- 55.   0 p          0>>  :DADDR_9_15 frac30to28.frac_en.wf_r_frac.dt:000          11_00000000:DADDR_7_13 pm_f_frac_filtered_29to27.wf_f_frac_26:000001001:DADDR_8_14.pm_r_frac_filt_15to13.ht_frac.lt_frac:000000000001101000011010:
===============================================================
 Starting Simulation: Variable Frequency Ring Counter Testbench
===============================================================
[100000] Releasing Reset...
[200000] Waiting for MMCM lock...
[1190000] MMCM Locked!
[3190000] System is stable at BASE state (White LED).

--- TEST 1: Baseline Pulse Sequence (State 10) ---
[3190000] Firing Trigger for 80 ns...
[3270000] Trigger released. Waiting for pulse sequence...

--- TEST 2: Dynamic Reconfiguration (+0.5 ns) ---
[4270000] Pressing ADD TIME button...
[4366000] MMCM unlocked, shifting frequency...
[8505000] MMCM Re-locked at new frequency!
[9505000] System is stable at SHIFTED state (Green LED).

--- TEST 3: Shifted Pulse Sequence (State 11) ---
[9505000] Firing Trigger for 80 ns...
[9585000] Trigger released. Waiting for pulse sequence...

--- TEST 4: Downward Shift (-1.0 ns total) ---
[10585000] Pressing SUB TIME button...
[12635000] Pressing SUB TIME button...
[15825000] Firing Trigger for 80 ns...
[15905000] Trigger released. Waiting for pulse sequence...

===============================================================
 Simulation Complete.
===============================================================
$finish called at time : 16905100 ps : File "C:/Users/Jeanm/Desktop/Courses/BaPsF/BaPSF-FPGA-Time-Pulsing/main_tb.sv" Line 175
